app/page.tsx(193,38): error TS1127: Invalid character.
app/page.tsx(193,158): error TS1381: Unexpected token. Did you mean `{'}'}` or `&rbrace;`?
app/page.tsx(193,159): error TS1382: Unexpected token. Did you mean `{'>'}` or `&gt;`?
app/page.tsx(195,23): error TS17002: Expected corresponding JSX closing tag for 'div'.
app/page.tsx(196,19): error TS1005: ')' expected.
app/page.tsx(198,15): error TS1381: Unexpected token. Did you mean `{'}'}` or `&rbrace;`?
app/page.tsx(198,17): error TS1381: Unexpected token. Did you mean `{'}'}` or `&rbrace;`?
app/page.tsx(200,11): error TS1005: ')' expected.
app/page.tsx(205,57): error TS1127: Invalid character.
app/page.tsx(205,284): error TS1381: Unexpected token. Did you mean `{'}'}` or `&rbrace;`?
app/page.tsx(205,285): error TS1382: Unexpected token. Did you mean `{'>'}` or `&gt;`?
app/page.tsx(232,53): error TS1127: Invalid character.
app/page.tsx(232,276): error TS1381: Unexpected token. Did you mean `{'}'}` or `&rbrace;`?
app/page.tsx(232,277): error TS1382: Unexpected token. Did you mean `{'>'}` or `&gt;`?
app/page.tsx(259,13): error TS1005: ')' expected.
app/page.tsx(265,30): error TS1127: Invalid character.
app/page.tsx(265,232): error TS1381: Unexpected token. Did you mean `{'}'}` or `&rbrace;`?
app/page.tsx(266,17): error TS1382: Unexpected token. Did you mean `{'>'}` or `&gt;`?
app/page.tsx(269,19): error TS17002: Expected corresponding JSX closing tag for 'div'.
app/page.tsx(270,15): error TS1128: Declaration or statement expected.
app/page.tsx(270,16): error TS1128: Declaration or statement expected.
app/page.tsx(271,13): error TS1128: Declaration or statement expected.
app/page.tsx(277,28): error TS1127: Invalid character.
app/page.tsx(277,324): error TS1381: Unexpected token. Did you mean `{'}'}` or `&rbrace;`?
app/page.tsx(278,15): error TS1382: Unexpected token. Did you mean `{'>'}` or `&gt;`?
app/page.tsx(280,17): error TS17002: Expected corresponding JSX closing tag for 'div'.
app/page.tsx(281,13): error TS1128: Declaration or statement expected.
app/page.tsx(282,11): error TS1109: Expression expected.
app/page.tsx(283,9): error TS1109: Expression expected.
app/page.tsx(283,10): error TS1128: Declaration or statement expected.
app/page.tsx(284,7): error TS1128: Declaration or statement expected.
app/page.tsx(285,5): error TS1109: Expression expected.
app/page.tsx(286,3): error TS1109: Expression expected.
app/page.tsx(287,1): error TS1128: Declaration or statement expected.
app/roadmap/page.tsx(53,5): error TS2657: JSX expressions must have one parent element.
app/roadmap/page.tsx(101,72): error TS1127: Invalid character.
app/roadmap/page.tsx(101,230): error TS1381: Unexpected token. Did you mean `{'}'}` or `&rbrace;`?
app/roadmap/page.tsx(101,231): error TS1382: Unexpected token. Did you mean `{'>'}` or `&gt;`?
app/roadmap/page.tsx(101,245): error TS17002: Expected corresponding JSX closing tag for 'div'.
app/roadmap/page.tsx(102,70): error TS1127: Invalid character.
app/roadmap/page.tsx(102,226): error TS1381: Unexpected token. Did you mean `{'}'}` or `&rbrace;`?
app/roadmap/page.tsx(102,227): error TS1382: Unexpected token. Did you mean `{'>'}` or `&gt;`?
app/roadmap/page.tsx(102,244): error TS17002: Expected corresponding JSX closing tag for 'div'.
app/roadmap/page.tsx(116,7): error TS1005: ')' expected.
app/roadmap/page.tsx(117,5): error TS1109: Expression expected.
app/roadmap/page.tsx(118,3): error TS1109: Expression expected.
components/MatchScoreRing.tsx(47,30): error TS1127: Invalid character.
components/MatchScoreRing.tsx(47,65): error TS1381: Unexpected token. Did you mean `{'}'}` or `&rbrace;`?
components/MatchScoreRing.tsx(47,66): error TS1381: Unexpected token. Did you mean `{'}'}` or `&rbrace;`?
components/MatchScoreRing.tsx(48,12): error TS1382: Unexpected token. Did you mean `{'>'}` or `&gt;`?
components/MatchScoreRing.tsx(52,28): error TS1127: Invalid character.
components/MatchScoreRing.tsx(52,116): error TS1381: Unexpected token. Did you mean `{'}'}` or `&rbrace;`?
components/MatchScoreRing.tsx(52,117): error TS1382: Unexpected token. Did you mean `{'>'}` or `&gt;`?
components/MatchScoreRing.tsx(52,135): error TS17002: Expected corresponding JSX closing tag for 'div'.
components/MatchScoreRing.tsx(55,5): error TS1005: ')' expected.
components/MatchScoreRing.tsx(56,3): error TS1109: Expression expected.
components/ReasoningTrace.tsx(15,33): error TS1127: Invalid character.
components/ReasoningTrace.tsx(15,34): error TS1136: Property assignment expected.
components/ReasoningTrace.tsx(63,1): error TS1160: Unterminated template literal.
components/RoadmapTimeline.tsx(49,5): error TS2657: JSX expressions must have one parent element.
components/RoadmapTimeline.tsx(56,97): error TS1127: Invalid character.
components/RoadmapTimeline.tsx(56,115): error TS1381: Unexpected token. Did you mean `{'}'}` or `&rbrace;`?
components/RoadmapTimeline.tsx(56,116): error TS1381: Unexpected token. Did you mean `{'}'}` or `&rbrace;`?
components/RoadmapTimeline.tsx(56,119): error TS1382: Unexpected token. Did you mean `{'>'}` or `&gt;`?
components/RoadmapTimeline.tsx(69,45): error TS1127: Invalid character.
components/RoadmapTimeline.tsx(69,144): error TS1381: Unexpected token. Did you mean `{'}'}` or `&rbrace;`?
components/RoadmapTimeline.tsx(69,145): error TS1382: Unexpected token. Did you mean `{'>'}` or `&gt;`?
components/RoadmapTimeline.tsx(70,31): error TS1127: Invalid character.
components/RoadmapTimeline.tsx(70,261): error TS1381: Unexpected token. Did you mean `{'}'}` or `&rbrace;`?
components/RoadmapTimeline.tsx(70,262): error TS1382: Unexpected token. Did you mean `{'>'}` or `&gt;`?
components/RoadmapTimeline.tsx(78,29): error TS1127: Invalid character.
components/RoadmapTimeline.tsx(78,196): error TS1381: Unexpected token. Did you mean `{'}'}` or `&rbrace;`?
components/RoadmapTimeline.tsx(78,197): error TS1382: Unexpected token. Did you mean `{'>'}` or `&gt;`?
components/RoadmapTimeline.tsx(80,84): error TS1127: Invalid character.
components/RoadmapTimeline.tsx(80,270): error TS1381: Unexpected token. Did you mean `{'}'}` or `&rbrace;`?
components/RoadmapTimeline.tsx(80,271): error TS1382: Unexpected token. Did you mean `{'>'}` or `&gt;`?
components/RoadmapTimeline.tsx(82,21): error TS17002: Expected corresponding JSX closing tag for 'div'.
components/RoadmapTimeline.tsx(87,38): error TS1127: Invalid character.
components/RoadmapTimeline.tsx(87,126): error TS1381: Unexpected token. Did you mean `{'}'}` or `&rbrace;`?
components/RoadmapTimeline.tsx(87,127): error TS1382: Unexpected token. Did you mean `{'>'}` or `&gt;`?
components/RoadmapTimeline.tsx(87,147): error TS17002: Expected corresponding JSX closing tag for 'div'.
components/RoadmapTimeline.tsx(93,34): error TS1127: Invalid character.
components/RoadmapTimeline.tsx(93,35): error TS1003: Identifier expected.
components/RoadmapTimeline.tsx(93,35): error TS1005: ')' expected.
components/RoadmapTimeline.tsx(119,1): error TS1160: Unterminated template literal.
components/SkillGapChart.tsx(43,33): error TS1127: Invalid character.
components/SkillGapChart.tsx(43,127): error TS1381: Unexpected token. Did you mean `{'}'}` or `&rbrace;`?
components/SkillGapChart.tsx(43,145): error TS1127: Invalid character.
components/SkillGapChart.tsx(43,165): error TS1381: Unexpected token. Did you mean `{'}'}` or `&rbrace;`?
components/SkillGapChart.tsx(43,166): error TS1381: Unexpected token. Did you mean `{'}'}` or `&rbrace;`?
components/SkillGapChart.tsx(43,169): error TS1382: Unexpected token. Did you mean `{'>'}` or `&gt;`?
components/WeeklyTimeline.tsx(54,16): error TS17008: JSX element 'button' has no corresponding closing tag.
components/WeeklyTimeline.tsx(72,39): error TS1127: Invalid character.
components/WeeklyTimeline.tsx(72,153): error TS1381: Unexpected token. Did you mean `{'}'}` or `&rbrace;`?
components/WeeklyTimeline.tsx(72,171): error TS1127: Invalid character.
components/WeeklyTimeline.tsx(72,192): error TS1381: Unexpected token. Did you mean `{'}'}` or `&rbrace;`?
components/WeeklyTimeline.tsx(72,193): error TS1381: Unexpected token. Did you mean `{'}'}` or `&rbrace;`?
components/WeeklyTimeline.tsx(72,196): error TS1382: Unexpected token. Did you mean `{'>'}` or `&gt;`?
components/WeeklyTimeline.tsx(75,35): error TS1127: Invalid character.
components/WeeklyTimeline.tsx(75,131): error TS1381: Unexpected token. Did you mean `{'}'}` or `&rbrace;`?
components/WeeklyTimeline.tsx(75,132): error TS1382: Unexpected token. Did you mean `{'>'}` or `&gt;`?
components/WeeklyTimeline.tsx(77,15): error TS1005: ')' expected.
components/WeeklyTimeline.tsx(77,17): error TS17002: Expected corresponding JSX closing tag for 'div'.
components/WeeklyTimeline.tsx(96,10): error TS1128: Declaration or statement expected.
components/WeeklyTimeline.tsx(96,11): error TS1128: Declaration or statement expected.
components/WeeklyTimeline.tsx(97,7): error TS1128: Declaration or statement expected.
components/WeeklyTimeline.tsx(98,5): error TS1109: Expression expected.
components/WeeklyTimeline.tsx(99,3): error TS1109: Expression expected.
components/WeeklyTimeline.tsx(100,1): error TS1128: Declaration or statement expected.
